// Jest Snapshot v1, https://goo.gl/fbAQLP

exports[`Render the component 1`] = `
<View
  pointerEvents="box-none"
  style={
    Object {
      "flex": 1,
    }
  }
>
  <View
    collapsable={true}
    pointerEvents="box-none"
    style={
      Object {
        "flex": 1,
      }
    }
  >
    <View
      style={
        Array [
          Object {
            "flexDirection": "row",
          },
          Object {
            "marginRight": 5,
          },
        ]
      }
    >
      <View>
        <View
          style={
            Object {
              "backgroundColor": "transparent",
              "height": 1,
              "position": "absolute",
              "right": 0,
              "top": -10,
              "width": 1,
            }
          }
        />
        <TouchableOpacity
          activeOpacity={0.2}
          disabled={false}
          hitSlop={
            Object {
              "bottom": 5,
              "left": 5,
              "right": 5,
              "top": 5,
            }
          }
          style={
            Array [
              Object {
                "alignItems": "center",
                "justifyContent": "center",
              },
              Array [
                Object {
                  "marginTop": 2,
                },
                undefined,
              ],
            ]
          }
          testID="headerOverflowButton"
        >
          <View>
            <Text
              allowFontScaling={false}
              style={
                Array [
                  Object {
                    "color": "white",
                    "fontSize": 23,
                  },
                  undefined,
                  Object {
                    "fontFamily": "Ionicons",
                    "fontStyle": "normal",
                    "fontWeight": "normal",
                  },
                  Object {},
                ]
              }
            >
              ï‡‰
            </Text>
          </View>
        </TouchableOpacity>
      </View>
    </View>
  </View>
</View>
`;
