// Jest Snapshot v1, https://goo.gl/fbAQLP

exports[`Render the component 1`] = `
<View
  pointerEvents="box-none"
  style={
    Object {
      "flex": 1,
    }
  }
>
  <View
    collapsable={true}
    pointerEvents="box-none"
    style={
      Object {
        "flex": 1,
      }
    }
  >
    <TouchableHighlight
      activeOpacity={0.85}
      delayPressOut={100}
      testID="LogoutListComponent"
      underlayColor="black"
    >
      <View
        style={
          Object {
            "alignItems": "center",
            "backgroundColor": "white",
            "borderBottomWidth": 0.5,
            "borderColor": "#bcbbc1",
            "flexDirection": "row",
            "padding": 14,
          }
        }
      >
        <View>
          <View
            style={
              Object {
                "alignItems": "center",
                "backgroundColor": "transparent",
                "justifyContent": "center",
              }
            }
            theme={
              Object {
                "colors": Object {
                  "disabled": "hsl(208, 8%, 90%)",
                  "divider": "#bcbbc1",
                  "error": "#ff190c",
                  "grey0": "#393e42",
                  "grey1": "#43484d",
                  "grey2": "#5e6977",
                  "grey3": "#86939e",
                  "grey4": "#bdc6cf",
                  "grey5": "#e1e8ee",
                  "greyOutline": "#bbb",
                  "platform": Object {
                    "android": Object {
                      "error": "#f44336",
                      "primary": "#2196f3",
                      "secondary": "#9C27B0",
                      "success": "#4caf50",
                      "warning": "#ffeb3b",
                    },
                    "ios": Object {
                      "error": "#ff3b30",
                      "primary": "#007aff",
                      "secondary": "#5856d6",
                      "success": "#4cd964",
                      "warning": "#ffcc00",
                    },
                  },
                  "primary": "#2089dc",
                  "searchBg": "#303337",
                  "secondary": "#8F0CE8",
                  "success": "#52c41a",
                  "warning": "#faad14",
                },
              }
            }
            underlayColor="white"
          >
            <Text
              allowFontScaling={false}
              style={
                Array [
                  Object {
                    "color": null,
                    "fontSize": 24,
                  },
                  Object {
                    "backgroundColor": "transparent",
                  },
                  Object {
                    "fontFamily": "Material Design Icons",
                    "fontStyle": "normal",
                    "fontWeight": "normal",
                  },
                  Object {},
                ]
              }
              testID="iconIcon"
            >
              ÔçÉ
            </Text>
          </View>
        </View>
        <View
          width={16}
        />
        <View
          style={
            Object {
              "flex": 1,
              "justifyContent": "center",
            }
          }
        >
          <Text
            style={
              Object {
                "backgroundColor": "transparent",
                "fontSize": 17,
              }
            }
            testID="listItemTitle"
            theme={
              Object {
                "colors": Object {
                  "disabled": "hsl(208, 8%, 90%)",
                  "divider": "#bcbbc1",
                  "error": "#ff190c",
                  "grey0": "#393e42",
                  "grey1": "#43484d",
                  "grey2": "#5e6977",
                  "grey3": "#86939e",
                  "grey4": "#bdc6cf",
                  "grey5": "#e1e8ee",
                  "greyOutline": "#bbb",
                  "platform": Object {
                    "android": Object {
                      "error": "#f44336",
                      "primary": "#2196f3",
                      "secondary": "#9C27B0",
                      "success": "#4caf50",
                      "warning": "#ffeb3b",
                    },
                    "ios": Object {
                      "error": "#ff3b30",
                      "primary": "#007aff",
                      "secondary": "#5856d6",
                      "success": "#4cd964",
                      "warning": "#ffcc00",
                    },
                  },
                  "primary": "#2089dc",
                  "searchBg": "#303337",
                  "secondary": "#8F0CE8",
                  "success": "#52c41a",
                  "warning": "#faad14",
                },
              }
            }
          >
            Log out
          </Text>
        </View>
      </View>
    </TouchableHighlight>
  </View>
</View>
`;
